cd Test ; make check
make[1]: Entering directory '/code/wsh/build/out-edge-debug/.zsh-cad0d67c.axABV3/source/Test'
if test -n "gcc"; then \
  cd .. && DESTDIR= \
  make MODDIR=`pwd`/Test/Modules install.modules > /dev/null; \
fi
if test -z "$ZTST_handler"; then \
  ZTST_handler=runtests.zsh; \
fi; \
if ZTST_testlist="`for f in ./*.ztst; \
           do echo $f; done`" \
 ZTST_srcdir="." \
 ZTST_exe=../Src/zsh \
 ../Src/zsh +Z -f ./$ZTST_handler; then \
 stat=0; \
else \
 stat=1; \
fi; \
sleep 1; \
rm -rf Modules .zcompdump; \
exit $stat
A01grammar.ztst: starting.
This test hangs the shell when it fails...
A01grammar.ztst: all tests successful.

A02alias.ztst: starting.
This test hangs the shell when it fails...
A02alias.ztst: all tests successful.

A03quoting.ztst: starting.
A03quoting.ztst: all tests successful.

A04redirect.ztst: starting.
A04redirect.ztst: all tests successful.

A05execution.ztst: starting.
Unable to change MONITOR option
This test takes 5 seconds to fail...
Skipping pipe leak test, requires MONITOR option
This test takes 3 seconds and hangs the shell when it fails...
A05execution.ztst: all tests successful.

A06assign.ztst: starting.
A06assign.ztst: all tests successful.

A07control.ztst: starting.
A07control.ztst: all tests successful.

A08time.ztst: starting.
This test takes 2 seconds
A08time.ztst: all tests successful.

A09zwc.ztst: starting.
A09zwc.ztst: all tests successful.

B01cd.ztst: starting.
B01cd.ztst: all tests successful.

B02typeset.ztst: starting.
B02typeset.ztst: all tests successful.

B03print.ztst: starting.
B03print.ztst: all tests successful.

B04read.ztst: starting.
B04read.ztst: all tests successful.

B05eval.ztst: starting.
B05eval.ztst: all tests successful.

B06fc.ztst: starting.
B06fc.ztst: all tests successful.

B07emulate.ztst: starting.
B07emulate.ztst: all tests successful.

B08shift.ztst: starting.
B08shift.ztst: all tests successful.

B09hash.ztst: starting.
B09hash.ztst: all tests successful.

B10getopts.ztst: starting.
B10getopts.ztst: all tests successful.

B11kill.ztst: starting.
B11kill.ztst: all tests successful.

B12limit.ztst: starting.
B12limit.ztst: all tests successful.

B13whence.ztst: starting.
B13whence.ztst: all tests successful.

C01arith.ztst: starting.
C01arith.ztst: all tests successful.

C02cond.ztst: starting.
C02cond.ztst: all tests successful.

C03traps.ztst: starting.
This test takes at least three seconds...
This test, too, takes at least three seconds...
Another test that takes three seconds
C03traps.ztst: all tests successful.

C04funcdef.ztst: starting.
C04funcdef.ztst: all tests successful.

C05debug.ztst: starting.
C05debug.ztst: all tests successful.

D01prompt.ztst: starting.
Test case skipped: Missing terminfo module or non-colour terminal
Test case skipped: Missing terminfo module or non-colour terminal
D01prompt.ztst: all tests successful.

D02glob.ztst: starting.
D02glob.ztst: all tests successful.

D03procsubst.ztst: starting.
This test hangs the shell when it fails...
D03procsubst.ztst: all tests successful.

D04parameter.ztst: starting.
D04parameter.ztst: all tests successful.

D05array.ztst: starting.
D05array.ztst: all tests successful.

D06subscript.ztst: starting.
D06subscript.ztst: all tests successful.

D07multibyte.ztst: starting.
Testing multibyte with locale en_US.UTF-8
D07multibyte.ztst: all tests successful.

D08cmdsubst.ztst: starting.
D08cmdsubst.ztst: all tests successful.

D09brace.ztst: starting.
D09brace.ztst: all tests successful.

D10nofork.ztst: starting.
D10nofork.ztst: all tests successful.

E01options.ztst: starting.
This test hangs the shell when it fails...
E01options.ztst: all tests successful.

E02xtrace.ztst: starting.
E02xtrace.ztst: all tests successful.

E03posix.ztst: starting.
E03posix.ztst: all tests successful.

K01nameref.ztst: starting.
K01nameref.ztst: all tests successful.

K02parameter.ztst: starting.
K02parameter.ztst: all tests successful.

P01privileged.ztst: starting.
P01privileged.ztst: skipped (PRIVILEGED tests require super-user privileges (or env var))

V01zmodload.ztst: starting.
V01zmodload.ztst: all tests successful.

V02zregexparse.ztst: starting.
V02zregexparse.ztst: all tests successful.

V03mathfunc.ztst: starting.
V03mathfunc.ztst: all tests successful.

V04features.ztst: starting.
V04features.ztst: all tests successful.

V05styles.ztst: starting.
V05styles.ztst: all tests successful.

V06parameter.ztst: starting.
V06parameter.ztst: all tests successful.

V07pcre.ztst: starting.
Testing PCRE multibyte with locale en_US.UTF-8
V07pcre.ztst: all tests successful.

V08zpty.ztst: starting.
V08zpty.ztst: all tests successful.

V09datetime.ztst: starting.
Test case skipped: Japanese UTF-8 locale not supported
V09datetime.ztst: all tests successful.

V10private.ztst: starting.
V10private.ztst: all tests successful.

V11db_gdbm.ztst: starting.
V11db_gdbm.ztst: skipped (can't load zsh/db/gdbm module for testing)

V12zparseopts.ztst: starting.
V12zparseopts.ztst: all tests successful.

V13zformat.ztst: starting.
V13zformat.ztst: all tests successful.

V14system.ztst: starting.
V14system.ztst: all tests successful.

V15nearcolor.ztst: starting.
88-color terminal:  xterm-88color
256-color terminal: xterm-256color
V15nearcolor.ztst: all tests successful.

W01history.ztst: starting.
W01history.ztst: all tests successful.

W02jobs.ztst: starting.
W02jobs.ztst: all tests successful.

W03jobparameters.ztst: starting.
W03jobparameters.ztst: all tests successful.

X02zlevi.ztst: starting.
This test may hang the shell when it fails...
X02zlevi.ztst: all tests successful.

X03zlebindkey.ztst: starting.
X03zlebindkey.ztst: all tests successful.

X04zlehighlight.ztst: starting.
X04zlehighlight.ztst: all tests successful.

X05zleincarg.ztst: starting.
X05zleincarg.ztst: all tests successful.

X06termquery.ztst: starting.
X06termquery.ztst: all tests successful.

Y01completion.ztst: starting.
Y01completion.ztst: all tests successful.

Y02compmatch.ztst: starting.
Y02compmatch.ztst: all tests successful.

Y03arguments.ztst: starting.
Y03arguments.ztst: all tests successful.

Y04regexargs.ztst: starting.
Y04regexargs.ztst: all tests successful.

Y05describe.ztst: starting.
Y05describe.ztst: all tests successful.

Y06values.ztst: starting.
Y06values.ztst: all tests successful.

Y07call_program.ztst: starting.
Y07call_program.ztst: all tests successful.

Z01is-at-least.ztst: starting.
Z01is-at-least.ztst: all tests successful.

Z02zmathfunc.ztst: starting.
Z02zmathfunc.ztst: all tests successful.

Z03run-help.ztst: starting.
Z03run-help.ztst: all tests successful.

Z04zgetopt.ztst: starting.
Z04zgetopt.ztst: all tests successful.

*************************************************
75 successful test scripts, 0 failures, 2 skipped
*************************************************
make[1]: Leaving directory '/code/wsh/build/out-edge-debug/.zsh-cad0d67c.axABV3/source/Test'
