+ ['make', '-j8']
make[1]: Entering directory '/var/tmp/wsh-native-tools/source/Src'
make[2]: Entering directory '/var/tmp/wsh-native-tools/source/Src'
gawk -f ../Src/makepro.awk init.c Src > init.syms
(echo '/* Generated automatically */'; sed -n '/^E/{s/^E//;p;}' < init.syms) \
	> init.epro
(echo '/* Generated automatically */'; sed -n '/^L/{s/^L//;p;}' < init.syms) \
	> `echo init.epro | sed 's/\.epro$/.pro/'`
make[3]: Entering directory '/var/tmp/wsh-native-tools/source/Src/Builtins'
make[3]: Leaving directory '/var/tmp/wsh-native-tools/source/Src/Builtins'
make[3]: Entering directory '/var/tmp/wsh-native-tools/source/Src/Modules'
make[4]: Entering directory '/var/tmp/wsh-native-tools/source/Src/Zle'
make[4]: 'zle.mdh' is up to date.
make[4]: Leaving directory '/var/tmp/wsh-native-tools/source/Src/Zle'
make[4]: Entering directory '/var/tmp/wsh-native-tools/source/Src/Zle'
make[4]: 'complete.mdh' is up to date.
make[4]: Leaving directory '/var/tmp/wsh-native-tools/source/Src/Zle'
make[3]: Leaving directory '/var/tmp/wsh-native-tools/source/Src/Modules'
make[3]: Entering directory '/var/tmp/wsh-native-tools/source/Src/Zle'
make[3]: Leaving directory '/var/tmp/wsh-native-tools/source/Src/Zle'
make[2]: Leaving directory '/var/tmp/wsh-native-tools/source/Src'
rm -f stamp-modobjs.tmp
make[2]: Entering directory '/var/tmp/wsh-native-tools/source/Src'
fatal: not a git repository (or any of the parent directories): .git
gcc -c -I. -I../Src -I../Src -I../Src/Zle -I.  -DHAVE_CONFIG_H -Wall -Wmissing-prototypes -O2  -o init.o init.c
make[3]: Entering directory '/var/tmp/wsh-native-tools/source/Src/Builtins'
make[3]: Leaving directory '/var/tmp/wsh-native-tools/source/Src/Builtins'
make[3]: Entering directory '/var/tmp/wsh-native-tools/source/Src/Modules'
make[3]: Leaving directory '/var/tmp/wsh-native-tools/source/Src/Modules'
make[3]: Entering directory '/var/tmp/wsh-native-tools/source/Src/Zle'
make[3]: Leaving directory '/var/tmp/wsh-native-tools/source/Src/Zle'
make[2]: Leaving directory '/var/tmp/wsh-native-tools/source/Src'
Updated `stamp-modobjs'.
rm -f zsh
gcc  -s -rdynamic -o zsh main.o  `cat stamp-modobjs`   -lpcre2-8 -lcap -ldl -lncursesw -lrt -lm  -lc
/usr/bin/ld.bfd: utils.o: in function `gettempname':
utils.c:(.text+0x17ec): warning: the use of `mktemp' is dangerous, better use `mkstemp' or `mkdtemp'
make[2]: Entering directory '/var/tmp/wsh-native-tools/source/Src'
make[3]: Entering directory '/var/tmp/wsh-native-tools/source/Src/Builtins'
make[3]: Leaving directory '/var/tmp/wsh-native-tools/source/Src/Builtins'
make[3]: Entering directory '/var/tmp/wsh-native-tools/source/Src/Modules'
make[4]: Entering directory '/var/tmp/wsh-native-tools/source/Src/Zle'
make[4]: 'zle.mdh' is up to date.
make[4]: Leaving directory '/var/tmp/wsh-native-tools/source/Src/Zle'
make[4]: Entering directory '/var/tmp/wsh-native-tools/source/Src/Zle'
make[4]: 'zle.export' is up to date.
make[4]: Leaving directory '/var/tmp/wsh-native-tools/source/Src/Zle'
make[4]: Entering directory '/var/tmp/wsh-native-tools/source/Src/Zle'
make[4]: 'complete.mdh' is up to date.
make[4]: Leaving directory '/var/tmp/wsh-native-tools/source/Src/Zle'
make[4]: Entering directory '/var/tmp/wsh-native-tools/source/Src/Zle'
make[4]: 'complete.export' is up to date.
make[4]: Leaving directory '/var/tmp/wsh-native-tools/source/Src/Zle'
make[3]: Leaving directory '/var/tmp/wsh-native-tools/source/Src/Modules'
make[3]: Entering directory '/var/tmp/wsh-native-tools/source/Src/Zle'
make[3]: Leaving directory '/var/tmp/wsh-native-tools/source/Src/Zle'
make[2]: Leaving directory '/var/tmp/wsh-native-tools/source/Src'
make[1]: Leaving directory '/var/tmp/wsh-native-tools/source/Src'
make[1]: Entering directory '/var/tmp/wsh-native-tools/source/Doc'
perl ../Util/helpfiles \
    zshbuiltins.1 help help.txt \
    || rm -f help.txt help/*
helpfiles: attempting man ./zshbuiltins.1 >help/man.tmp
grotty:<standard input>:(<standard input>):8: fatal error: 'V' command invalid before first 'p' command
man: command exited with status 1: /usr/libexec/man-db/zsoelim | /usr/libexec/man-db/manconv -f UTF-8:ISO-8859-1 -t UTF-8//IGNORE | preconv -e UTF-8 | tbl | nroff -mandoc -rLL=79n -rLT=79n -Tascii
helpfiles: attempting nroff -man ./zshbuiltins.1 >help/man.tmp
helpfiles: man and nroff -man both failed for zshbuiltins.1
make[1]: Leaving directory '/var/tmp/wsh-native-tools/source/Doc'
/var/tmp/wsh-native-tools/installation/bin/wsh
