worker=b revision=45c220a1c50a664db191549eba321b1f465a4858 source=/var/tmp/wsh-reproducibility.TSagJh/worker-b
STEP 1/4: FROM quay.io/rockylinux/rockylinux@sha256:f5529992e67440c1a4ae7788244d4381c6909159a88eacd95b7523ae47ced82e
STEP 2/4: COPY build/rocky-8.10-packages.lock /tmp/expected-packages.lock
--> Using cache c7a99fe384bfe62ae170b648326259527158f69646a292438d4eec10c70cf388
--> c7a99fe384bf
STEP 3/4: RUN dnf install -y --setopt=install_weak_deps=False autoconf binutils ca-certificates curl diffutils findutils gcc gcc-c++ git gnupg2 jq libcap-devel make ncurses-devel patch pcre2-devel pkgconf-pkg-config tar xz zsh     && rpm -qa --qf '%{NAME}\t%{EPOCHNUM}\t%{VERSION}\t%{RELEASE}\t%{ARCH}\t%{SHA256HEADER}\t%{PAYLOADDIGESTALGO}\t%{PAYLOADDIGEST}\n' | LC_ALL=C sort > /tmp/actual-packages.lock     && diff -u /tmp/expected-packages.lock /tmp/actual-packages.lock     && dnf clean all     && rm -rf /var/cache/dnf /tmp/actual-packages.lock /tmp/expected-packages.lock
--> Using cache 2184e54942a6c7560fa2e192f91a31ed58a661d7b6e234e27768a845a5eed5e4
--> 2184e54942a6
STEP 4/4: LABEL org.wakamex.wsh.glibc-floor="2.28"
--> Using cache 0af9b040ea4fea0fc88e335c76acefc077433062d6fc27dccf572eeb940f8460
COMMIT wsh-glibc-2.28-builder:development
--> 0af9b040ea4f
Successfully tagged localhost/wsh-glibc-2.28-builder:development
0af9b040ea4fea0fc88e335c76acefc077433062d6fc27dccf572eeb940f8460
  % Total    % Received % Xferd  Average Speed   Time    Time     Time  Current
                                 Dload  Upload   Total   Spent    Left  Speed
  0     0    0     0    0     0      0      0 --:--:-- --:--:-- --:--:--     0  0     0    0     0    0     0      0      0 --:--:-- --:--:-- --:--:--     0
  0     0    0     0    0     0      0      0 --:--:-- --:--:-- --:--:--     0100 4088k    0 4088k    0     0  5195k      0 --:--:-- --:--:-- --:--:-- 6848k
cd . && ./.preconfig
cp: cannot stat './Doc/help.txt': No such file or directory
fatal: not a git repository: /code/wsh/.git/worktrees/worker-b2
params.c: In function 'assignstrvalue.part.20':
params.c:2788:6: warning: 'strncpy' output truncated before terminating nul copying as many bytes from a string as its length [-Wstringop-truncation]
      strncpy(new + v->start, val, vallen);
      ^~~~~~~~~~~~~~~~~~~~~~~~~~~~~~~~~~~~
params.c:2733:47: note: length computed here
      const int oldlen = strlen(old), vallen = strlen(val);
                                               ^~~~~~~~~~~
utils.o: In function `gettempname':
utils.c:(.text+0x15e2): warning: the use of `mktemp' is dangerous, better use `mkstemp' or `mkdtemp'
sh: man: command not found
helpfiles: man and nroff -man both failed for zshbuiltins.1
fatal: not a git repository: /code/wsh/.git/worktrees/worker-b2
    Updating crates.io index
 Downloading crates ...
  Downloaded cpubits v0.1.1
  Downloaded cpufeatures v0.2.17
  Downloaded block-buffer v0.10.4
  Downloaded cfg-if v1.0.4
  Downloaded block-buffer v0.12.1
  Downloaded base16ct v1.0.0
  Downloaded crypto-common v0.1.7
  Downloaded cpufeatures v0.3.1
  Downloaded version_check v0.9.5
  Downloaded serde_spanned v1.1.1
  Downloaded generic-array v0.14.7
  Downloaded wnaf v0.14.0
  Downloaded itoa v1.0.18
  Downloaded subtle v2.6.1
  Downloaded signature v3.0.0
  Downloaded xz2 v0.1.7
  Downloaded zmij v1.0.23
  Downloaded toml_parser v1.1.3+spec-1.1.0
  Downloaded unicode-ident v1.0.24
  Downloaded toml v0.9.12+spec-1.1.0
  Downloaded tar v0.4.46
  Downloaded typenum v1.20.1
  Downloaded serde v1.0.229
  Downloaded x509-cert v0.3.0
  Downloaded der v0.8.1
  Downloaded serde_json v1.0.151
  Downloaded winnow v1.0.4
  Downloaded winnow v0.7.15
  Downloaded zlib-rs v0.6.7
  Downloaded hashbrown v0.17.1
  Downloaded attestation-verify v0.1.0
  Downloaded memchr v2.8.3
  Downloaded syn v3.0.4
  Downloaded syn v2.0.119
  Downloaded crypto-bigint v0.7.5
  Downloaded indexmap v2.14.1
  Downloaded flate2 v1.1.10
  Downloaded cc v1.4.4
  Downloaded base64 v0.23.1
  Downloaded rustix v1.1.4
  Downloaded p384 v0.14.0
  Downloaded p256 v0.14.0
  Downloaded num-traits v0.2.19
  Downloaded miniz_oxide v0.9.1
  Downloaded elliptic-curve v0.14.1
  Downloaded sha2 v0.11.0
  Downloaded serde_derive v1.0.229
  Downloaded serde_core v1.0.229
  Downloaded proc-macro2 v1.0.107
  Downloaded hybrid-array v0.4.14
  Downloaded hmac v0.13.0
  Downloaded ecdsa v0.17.0
  Downloaded lzma-sys v0.1.20
  Downloaded digest v0.11.3
  Downloaded const-oid v0.10.2
  Downloaded bitflags v2.13.1
  Downloaded sha2 v0.10.9
  Downloaded serdect v0.4.3
  Downloaded semver v1.0.28
  Downloaded primeorder v0.14.0
  Downloaded primefield v0.14.0
  Downloaded libc v0.2.189
  Downloaded pkcs8 v0.11.0
  Downloaded filetime v0.2.29
  Downloaded crc32fast v1.5.1
  Downloaded cmov v0.5.4
  Downloaded zeroize v1.9.0
  Downloaded xattr v1.6.1
  Downloaded toml_writer v1.1.2+spec-1.1.0
  Downloaded thiserror-impl v2.0.20
  Downloaded spki v0.8.0
  Downloaded shlex v2.0.1
  Downloaded sec1 v0.8.1
  Downloaded rand_core v0.10.1
  Downloaded quote v1.0.47
  Downloaded pkg-config v0.3.34
  Downloaded group v0.14.0
  Downloaded find-msvc-tools v0.1.11
  Downloaded ff v0.14.0
  Downloaded digest v0.10.7
  Downloaded der_derive v0.8.0
  Downloaded base64ct v1.8.3
  Downloaded autocfg v1.5.1
  Downloaded toml_datetime v0.7.5+spec-1.1.0
  Downloaded thiserror v2.0.20
  Downloaded simd-adler32 v0.3.10
  Downloaded hex v0.4.3
  Downloaded ctutils v0.4.2
  Downloaded crypto-common v0.2.2
  Downloaded flagset v0.4.7
  Downloaded equivalent v1.0.2
  Downloaded adler2 v2.0.1
  Downloaded rfc6979 v0.6.0
  Downloaded errno v0.3.14
  Downloaded linux-raw-sys v0.12.1
   Compiling typenum v1.20.1
   Compiling proc-macro2 v1.0.107
   Compiling unicode-ident v1.0.24
   Compiling quote v1.0.47
   Compiling zeroize v1.9.0
   Compiling subtle v2.6.1
   Compiling hybrid-array v0.4.14
   Compiling rand_core v0.10.1
   Compiling const-oid v0.10.2
   Compiling cmov v0.5.4
   Compiling ctutils v0.4.2
   Compiling cfg-if v1.0.4
   Compiling crypto-common v0.2.2
   Compiling syn v2.0.119
   Compiling serde_core v1.0.229
   Compiling autocfg v1.5.1
   Compiling num-traits v0.2.19
   Compiling der_derive v0.8.0
   Compiling block-buffer v0.12.1
   Compiling flagset v0.4.7
   Compiling der v0.8.1
   Compiling digest v0.11.3
   Compiling ff v0.14.0
   Compiling syn v3.0.4
   Compiling cpubits v0.1.1
   Compiling version_check v0.9.5
   Compiling generic-array v0.14.7
   Compiling crypto-bigint v0.7.5
   Compiling spki v0.8.0
   Compiling libc v0.2.189
   Compiling zmij v1.0.23
   Compiling group v0.14.0
   Compiling serde_json v1.0.151
   Compiling serde v1.0.229
   Compiling base16ct v1.0.0
   Compiling sec1 v0.8.1
   Compiling pkcs8 v0.11.0
   Compiling serde_derive v1.0.229
   Compiling memchr v2.8.3
   Compiling itoa v1.0.18
   Compiling elliptic-curve v0.14.1
   Compiling hmac v0.13.0
   Compiling find-msvc-tools v0.1.11
   Compiling shlex v2.0.1
   Compiling cc v1.4.4
   Compiling rfc6979 v0.6.0
   Compiling crypto-common v0.1.7
   Compiling block-buffer v0.10.4
   Compiling wnaf v0.14.0
   Compiling primefield v0.14.0
   Compiling signature v3.0.0
   Compiling cpufeatures v0.3.1
   Compiling pkg-config v0.3.34
   Compiling rustix v1.1.4
   Compiling lzma-sys v0.1.20
   Compiling sha2 v0.11.0
   Compiling ecdsa v0.17.0
   Compiling primeorder v0.14.0
   Compiling digest v0.10.7
   Compiling cpufeatures v0.2.17
   Compiling crc32fast v1.5.1
   Compiling thiserror v2.0.20
   Compiling linux-raw-sys v0.12.1
   Compiling bitflags v2.13.1
   Compiling sha2 v0.10.9
   Compiling thiserror-impl v2.0.20
   Compiling simd-adler32 v0.3.10
   Compiling winnow v1.0.4
   Compiling adler2 v2.0.1
   Compiling miniz_oxide v0.9.1
   Compiling toml_parser v1.1.3+spec-1.1.0
   Compiling wsh v0.1.3 (/workspace/crates/wsh)
   Compiling xattr v1.6.1
   Compiling p256 v0.14.0
   Compiling p384 v0.14.0
   Compiling filetime v0.2.29
   Compiling x509-cert v0.3.0
   Compiling toml_datetime v0.7.5+spec-1.1.0
   Compiling serde_spanned v1.1.1
   Compiling hex v0.4.3
   Compiling winnow v0.7.15
   Compiling toml_writer v1.1.2+spec-1.1.0
   Compiling base64 v0.23.1
   Compiling attestation-verify v0.1.0
   Compiling toml v0.9.12+spec-1.1.0
   Compiling tar v0.4.46
   Compiling flate2 v1.1.10
   Compiling xz2 v0.1.7
   Compiling semver v1.0.28
   Compiling wsh-install v0.1.3 (/workspace/crates/wsh-install)
   Compiling wsh-runtime v0.1.3 (/workspace/crates/wsh-runtime)
    Finished `release` profile [optimized] target(s) in 1m 11s
 Downloading crates ...
  Downloaded once_cell v1.21.4
  Downloaded tempfile v3.27.0
  Downloaded getrandom v0.4.3
  Downloaded fastrand v2.5.0
   Compiling proc-macro2 v1.0.107
   Compiling quote v1.0.47
   Compiling unicode-ident v1.0.24
   Compiling typenum v1.20.1
   Compiling zeroize v1.9.0
   Compiling subtle v2.6.1
   Compiling cfg-if v1.0.4
   Compiling hybrid-array v0.4.14
   Compiling rand_core v0.10.1
   Compiling serde_core v1.0.229
   Compiling const-oid v0.10.2
   Compiling cmov v0.5.4
   Compiling libc v0.2.189
   Compiling ctutils v0.4.2
   Compiling syn v3.0.4
   Compiling crypto-common v0.2.2
   Compiling syn v2.0.119
   Compiling zmij v1.0.23
   Compiling autocfg v1.5.1
   Compiling num-traits v0.2.19
   Compiling der_derive v0.8.0
   Compiling block-buffer v0.12.1
   Compiling serde v1.0.229
   Compiling serde_json v1.0.151
   Compiling rustix v1.1.4
   Compiling flagset v0.4.7
   Compiling version_check v0.9.5
   Compiling generic-array v0.14.7
   Compiling der v0.8.1
   Compiling digest v0.11.3
   Compiling serde_derive v1.0.229
   Compiling bitflags v2.13.1
   Compiling memchr v2.8.3
   Compiling itoa v1.0.18
   Compiling linux-raw-sys v0.12.1
   Compiling ff v0.14.0
   Compiling cpubits v0.1.1
   Compiling crypto-bigint v0.7.5
   Compiling spki v0.8.0
   Compiling group v0.14.0
   Compiling base16ct v1.0.0
   Compiling sec1 v0.8.1
   Compiling pkcs8 v0.11.0
   Compiling block-buffer v0.10.4
   Compiling crypto-common v0.1.7
   Compiling digest v0.10.7
   Compiling elliptic-curve v0.14.1
   Compiling hmac v0.13.0
   Compiling shlex v2.0.1
   Compiling cpufeatures v0.2.17
   Compiling find-msvc-tools v0.1.11
   Compiling cc v1.4.4
   Compiling sha2 v0.10.9
   Compiling rfc6979 v0.6.0
   Compiling wnaf v0.14.0
   Compiling primefield v0.14.0
   Compiling signature v3.0.0
   Compiling cpufeatures v0.3.1
   Compiling pkg-config v0.3.34
   Compiling lzma-sys v0.1.20
   Compiling sha2 v0.11.0
   Compiling ecdsa v0.17.0
   Compiling primeorder v0.14.0
   Compiling thiserror v2.0.20
   Compiling wsh v0.1.3 (/workspace/crates/wsh)
   Compiling thiserror-impl v2.0.20
   Compiling getrandom v0.4.3
   Compiling p256 v0.14.0
   Compiling p384 v0.14.0
   Compiling x509-cert v0.3.0
   Compiling xattr v1.6.1
   Compiling filetime v0.2.29
   Compiling base64 v0.23.1
   Compiling hex v0.4.3
   Compiling attestation-verify v0.1.0
   Compiling tar v0.4.46
   Compiling xz2 v0.1.7
   Compiling once_cell v1.21.4
   Compiling fastrand v2.5.0
   Compiling semver v1.0.28
   Compiling crc32fast v1.5.1
   Compiling tempfile v3.27.0
   Compiling adler2 v2.0.1
   Compiling simd-adler32 v0.3.10
   Compiling winnow v1.0.4
   Compiling toml_parser v1.1.3+spec-1.1.0
   Compiling miniz_oxide v0.9.1
   Compiling wsh-install v0.1.3 (/workspace/crates/wsh-install)
   Compiling serde_spanned v1.1.1
   Compiling toml_datetime v0.7.5+spec-1.1.0
   Compiling toml_writer v1.1.2+spec-1.1.0
   Compiling winnow v0.7.15
   Compiling toml v0.9.12+spec-1.1.0
   Compiling flate2 v1.1.10
   Compiling wsh-runtime v0.1.3 (/workspace/crates/wsh-runtime)
    Finished `test` profile [unoptimized + debuginfo] target(s) in 46.15s
     Running unittests src/lib.rs (build/portable/glibc-2.28/target/debug/deps/wsh-c1c2652f5d64b276)

running 8 tests
test tests::rejects_traversal_and_absolute_paths ... ok
test tests::rejects_unknown_manifest_fields ... ok
test tests::verifies_an_exact_development_payload_and_detects_tampering ... ok
test tests::rejects_unlisted_files_and_symbolic_links ... ok
test tests::launch_trusts_activation_while_explicit_verification_detects_later_tampering ... ok
test tests::verifies_release_status_as_a_structural_manifest_property ... ok
test tests::detects_swapped_entrypoints_and_manifest_mutation ... ok
test tests::atomically_activates_and_rolls_back_from_a_broken_active_bundle ... ok

test result: ok. 8 passed; 0 failed; 0 ignored; 0 measured; 0 filtered out; finished in 0.01s

     Running unittests src/main.rs (build/portable/glibc-2.28/target/debug/deps/wsh-4284f119dfc60903)

running 11 tests
test doctor::tests::rejects_partial_or_inconsistent_reports ... ok
test doctor::tests::renders_only_supported_findings ... ok
test doctor::tests::treats_missing_adapter_state_as_an_unsupported_bundle ... ok
test tests::preserves_explicit_user_zdotdir ... ok
test tests::recovers_user_zdotdir_inherited_from_an_older_wsh_session ... ok
test tests::uses_home_when_zdotdir_is_unset_or_only_the_old_bundle_is_known ... ok
test update::tests::accepts_and_orders_canonical_release_tags ... ok
test update::tests::accepts_only_the_exact_github_latest_release_path ... ok
test update::tests::constructs_only_exact_release_bootstrap_urls ... ok
test doctor::tests::terminates_a_diagnostic_child_at_its_deadline ... ok
test update::tests::private_temporary_directory_is_removed_on_drop ... ok

test result: ok. 11 passed; 0 failed; 0 ignored; 0 measured; 0 filtered out; finished in 0.00s

     Running unittests src/lib.rs (build/portable/glibc-2.28/target/debug/deps/wsh_install-f99cb835842010cd)

running 7 tests
test tests::archive_paths_are_relative_normal_paths ... ok
test tests::bundle_roots_are_lowercase_sha256 ... ok
test tests::release_tags_are_canonical ... ok
test tests::invalid_provenance_does_not_create_install_state ... ok
test tests::unsafe_archive_does_not_change_activation ... ok
test tests::authenticated_archive_is_atomic_and_rollback_stays_offline ... ok
test tests::candidate_contract_rejects_mismatches_before_activation ... ok

test result: ok. 7 passed; 0 failed; 0 ignored; 0 measured; 0 filtered out; finished in 0.07s

     Running unittests src/main.rs (build/portable/glibc-2.28/target/debug/deps/wsh_install-32a9f84a2809b775)

running 0 tests

test result: ok. 0 passed; 0 failed; 0 ignored; 0 measured; 0 filtered out; finished in 0.00s

     Running tests/external_attestation.rs (build/portable/glibc-2.28/target/debug/deps/external_attestation-2639a4e9e6d27831)

running 1 test
test verifies_real_github_actions_provenance_and_rejects_substitution ... ignored, run through tests/external-attestation.zsh with the pinned public fixture

test result: ok. 0 passed; 0 failed; 1 ignored; 0 measured; 0 filtered out; finished in 0.00s

     Running unittests src/lib.rs (build/portable/glibc-2.28/target/debug/deps/wsh_runtime-89cfcfedd1b40769)

running 15 tests
test tests::escapes_zsh_prompt_substitution_and_terminal_controls ... ok
test tests::final_generation_check_rejects_completed_but_superseded_work ... ok
test tests::detects_each_repository_operation_marker ... ok
test tests::rejects_control_characters_in_literals ... ok
test tests::rejects_oversized_protocol_lines_without_unbounded_read ... ok
test tests::trace_is_versioned_bounded_private_and_rejects_symlinks ... ok
test tests::rejects_unknown_theme_fields ... ok
test tests::parses_the_bundled_minimal_theme ... ok
test tests::wakamex_port_preserves_changed_only_and_compact_state ... ok
test tests::serves_versioned_ping_and_shutdown ... ok
test tests::cancellation_kills_the_git_process_group ... ok
test tests::publishes_one_complete_snapshot_and_rejects_stale_generations ... ok
test tests::resolves_common_refs_and_tags_in_a_linked_worktree ... ok
test tests::parses_real_git_status_and_exact_annotated_tag ... ok
test tests::parses_ahead_and_behind_from_a_diverged_upstream ... ok

test result: ok. 15 passed; 0 failed; 0 ignored; 0 measured; 0 filtered out; finished in 0.05s

     Running unittests src/main.rs (build/portable/glibc-2.28/target/debug/deps/wsh_runtime-174c9077dc863734)

running 0 tests

test result: ok. 0 passed; 0 failed; 0 ignored; 0 measured; 0 filtered out; finished in 0.00s

   Doc-tests wsh

running 0 tests

test result: ok. 0 passed; 0 failed; 0 ignored; 0 measured; 0 filtered out; finished in 0.00s

   Doc-tests wsh_install

running 0 tests

test result: ok. 0 passed; 0 failed; 0 ignored; 0 measured; 0 filtered out; finished in 0.00s

   Doc-tests wsh_runtime

running 0 tests

test result: ok. 0 passed; 0 failed; 0 ignored; 0 measured; 0 filtered out; finished in 0.00s

zsh 5.9.999.3-test [] (x86_64-pc-linux-gnu)
minimal
PASS: hidden isolated internal job, restored job control, prompt interrupt survival, unchanged repaint suppression, runtime crash fallback, and shell-exit cleanup
PASS: user startup configuration present under managed wsh
PASS: history substring search candidate behavior
PASS: autosuggestion display, acceptance, ownership, configuration, composition, custom widgets, and cancellation
PASS: syntax highlighting ownership, semantics, configuration, hooks, and editing-default composition
PASS: plugin doctor diagnoses exact and unknown implementations without modifying startup files
PASS: structured foreground startup preserves argv, job control, signals, terminal state, startup files, and repeated launch behavior
PASS: identical Zsh source compiles byte-identically in isolated directories
13d4f8fe57b73ea1c4d4950c979077299dc78c659a65942dfab43b8e1cf73430  /workspace/build/portable/glibc-2.28/archives/wsh-development-x86_64-unknown-linux-gnu-543c0ee14bcedb45c86fa79152028f5d8e016ad4cc221cfb2b0d5130d2045a7b.tar.xz
PASS: relocated development bundle 543c0ee14bcedb45c86fa79152028f5d8e016ad4cc221cfb2b0d5130d2045a7b on glibc floor; newest imported symbol GLIBC_2.28
