Completed rounds: 10
Completed rounds: 20
Completed rounds: 30
Completed rounds: 40
Completed rounds: 50
{
  "cold": {
    "pairs": 50,
    "paired_overhead_p95_ms": 7.854808999999989,
    "paired_overhead_median_ms": 0.3948390000000188,
    "instrumentation_gate": false,
    "variants": {
      "control": {
        "startup_ms": {
          "50": 27.727361,
          "95": 29.89499
        },
        "first_tab_ms": {
          "50": 244.181021,
          "95": 261.74429
        },
        "second_tab_ms": {
          "50": 26.331988,
          "95": 27.668349
        }
      },
      "timed": {
        "startup_ms": {
          "50": 27.624398,
          "95": 29.289455
        },
        "first_tab_ms": {
          "50": 244.916598,
          "95": 254.060536
        },
        "second_tab_ms": {
          "50": 26.504992,
          "95": 28.013207
        }
      }
    },
    "stages": {
      "autoload": {
        "50": 0.017643,
        "95": 0.0212192
      },
      "compinit": {
        "50": 158.8053704,
        "95": 165.3108597
      },
      "directory_jump": {
        "50": 0.0886917,
        "95": 0.1044273
      },
      "tab_delegate": {
        "50": 0.6141662,
        "95": 0.6680489
      },
      "autosuggestion_rebind": {
        "50": 10.3845596,
        "95": 11.1942291
      },
      "native_completion": {
        "50": 64.9540424,
        "95": 67.3649311
      },
      "internal_ms": {
        "50": 234.8592282,
        "95": 243.8418865
      },
      "outer_ms": {
        "50": 9.991903400000012,
        "95": 10.482002599999987
      }
    }
  },
  "warm": {
    "pairs": 50,
    "paired_overhead_p95_ms": 3.072909999999993,
    "paired_overhead_median_ms": -8.900000000267028e-05,
    "instrumentation_gate": false,
    "variants": {
      "control": {
        "startup_ms": {
          "50": 27.648038,
          "95": 29.338247
        },
        "first_tab_ms": {
          "50": 103.997244,
          "95": 109.726164
        },
        "second_tab_ms": {
          "50": 26.317619,
          "95": 27.527656
        }
      },
      "timed": {
        "startup_ms": {
          "50": 27.769601,
          "95": 29.157583
        },
        "first_tab_ms": {
          "50": 104.365053,
          "95": 107.630626
        },
        "second_tab_ms": {
          "50": 26.116673,
          "95": 27.753361
        }
      }
    },
    "stages": {
      "autoload": {
        "50": 0.017643,
        "95": 0.0212193
      },
      "compinit": {
        "50": 18.9366341,
        "95": 19.7513104
      },
      "directory_jump": {
        "50": 0.0860691,
        "95": 0.100851
      },
      "tab_delegate": {
        "50": 0.5679131,
        "95": 0.6253719
      },
      "autosuggestion_rebind": {
        "50": 10.077715,
        "95": 10.4944706
      },
      "native_completion": {
        "50": 64.7060871,
        "95": 67.1100616
      },
      "internal_ms": {
        "50": 94.3484306,
        "95": 97.2611905
      },
      "outer_ms": {
        "50": 10.048612900000009,
        "95": 10.571432600000009
      }
    }
  }
}
